root@kali:~# ssh mistake@pwnable.kr -p 2222
mistake@pwnable.kr's password: 
 ____  __    __  ____    ____  ____   _        ___      __  _  ____  
|    \|  |__|  ||    \  /    ||    \ | |      /  _]    |  |/ ]|    \ 
|  o  )  |  |  ||  _  ||  o  ||  o  )| |     /  [_     |  ' / |  D  )
|   _/|  |  |  ||  |  ||     ||     || |___ |    _]    |    \ |    / 
|  |  |  `  '  ||  |  ||  _  ||  O  ||     ||   [_  __ |     \|    \ 
|  |   \      / |  |  ||  |  ||     ||     ||     ||  ||  .  ||  .  \
|__|    \_/\_/  |__|__||__|__||_____||_____||_____||__||__|\_||__|\_|
                                                                     
- Site admin : daehee87.kr@gmail.com
- IRC : irc.netgarage.org:6667 / #pwnable.kr
- Simply type "irssi" command to join IRC now
- files under /tmp can be erased anytime. make your directory under /tmp
- to use peda, issue `source /usr/share/peda/peda.py` in gdb terminal
Last login: Thu Feb 22 13:05:53 2018 from 77.99.239.239
mistake@ubuntu:~$ ls
flag  mistake  mistake.c  password
mistake@ubuntu:~$ cat flag
cat: flag: Permission denied
mistake@ubuntu:~$ cat password
cat: password: Permission denied
mistake@ubuntu:~$ cat mistake.c
#include <stdio.h>
#include <fcntl.h>

#define PW_LEN 10
#define XORKEY 1

void xor(char* s, int len){
	int i;
	for(i=0; i<len; i++){
		s[i] ^= XORKEY;
	}
}

int main(int argc, char* argv[]){
	
	int fd;
	if(fd=open("/home/mistake/password",O_RDONLY,0400) < 0){
		printf("can't open password %d\n", fd);
		return 0;
	}

	printf("do not bruteforce...\n");
	sleep(time(0)%20);

	char pw_buf[PW_LEN+1];
	int len;
	if(!(len=read(fd,pw_buf,PW_LEN) > 0)){
		printf("read error\n");
		close(fd);
		return 0;		
	}

	char pw_buf2[PW_LEN+1];
	printf("input password : ");
	scanf("%10s", pw_buf2);

	// xor your input
	xor(pw_buf2, 10);

	if(!strncmp(pw_buf, pw_buf2, PW_LEN)){
		printf("Password OK\n");
		system("/bin/cat flag\n");
	}
	else{
		printf("Wrong Password\n");
	}

	close(fd);
	return 0;
}

mistake@ubuntu:~$ ./mistake
do not bruteforce...
gggg
input password : gggg
Wrong Password
mistake@ubuntu:~$ ./mistake
do not bruteforce...
0000000000
input password : 1111111111
Password OK
Mommy, the operator priority always confuses me :(
mistake@ubuntu:~$ 
